// Jest Snapshot v1, https://goo.gl/fbAQLP

exports[`Counter component should  correspond to its snapshot counterpart 1`] = `
<section
  className="counter"
>
  Post Count: 
  3
</section>
`;
